// Jest Snapshot v1, https://goo.gl/fbAQLP

exports[`renders App correctly 1`] = `
.c0 {
  background-color: #282c34;
  min-height: 100vh;
  display: -webkit-box;
  display: -webkit-flex;
  display: -ms-flexbox;
  display: flex;
  -webkit-flex-direction: column;
  -ms-flex-direction: column;
  flex-direction: column;
  -webkit-align-items: center;
  -webkit-box-align: center;
  -ms-flex-align: center;
  align-items: center;
  font-size: calc(10px + 2vmin);
  color: white;
}

.c1 {
  display: -webkit-box;
  display: -webkit-flex;
  display: -ms-flexbox;
  display: flex;
  -webkit-align-items: center;
  -webkit-box-align: center;
  -ms-flex-align: center;
  align-items: center;
  width: 500px;
  height: 80px;
  border-radius: 300px;
  padding: 0px 25px;
  margin-bottom: 25px;
  cursor: pointer;
  -webkit-user-select: none;
  -moz-user-select: none;
  -ms-user-select: none;
  user-select: none;
  background-color: rgba(0,0,0,0.4);
}

.c1:hover {
  background-color: rgba(0,0,0,0.8);
}

.c2 {
  margin-right: 20px;
  font-size: 1.6em;
}

.c3 {
  -webkit-box-flex: 1;
  -webkit-flex-grow: 1;
  -ms-flex-positive: 1;
  flex-grow: 1;
  font-size: 1.6em;
  font-weight: 500;
  color: rgba(255,255,255,0.9);
}

.c4 {
  font-size: 0.8em;
  -webkit-user-select: none;
  -moz-user-select: none;
  -ms-user-select: none;
  user-select: none;
  color: rgba(255,255,255,0.3);
}

<div>
  <div
    class="c0"
  >
    <h2>
      When in doubt, ask for help!
    </h2>
    <div
      class="c1"
    >
      <span
        class="c2"
      >
        üåö
      </span>
      <span
        class="c3"
      >
        Hamza
      </span>
      <span
        class="c4"
      >
        Go to GitHub
      </span>
    </div>
    <div
      class="c1"
    >
      <span
        class="c2"
      >
        üê•
      </span>
      <span
        class="c3"
      >
        Laila
      </span>
      <span
        class="c4"
      >
        Go to GitHub
      </span>
    </div>
    <div
      class="c1"
    >
      <span
        class="c2"
      >
        ü¶ç
      </span>
      <span
        class="c3"
      >
        Hasan
      </span>
      <span
        class="c4"
      >
        Go to GitHub
      </span>
    </div>
  </div>
</div>
`;
